// Vitest Snapshot v1, https://vitest.dev/guide/snapshot.html

exports[`should post, create a new doctor and return 201 1`] = `
{
  "doctor": {
    "email": "doc@mail.com",
    "first_name": "John",
    "id": "1b3cffbc-0f1a-4d43-ab5f-71ca3db21b91",
    "last_name": "Doe",
    "username": "doc007",
  },
  "success": true,
}
`;
